// Jest Snapshot v1, https://goo.gl/fbAQLP

exports[`renders without crashing 1`] = `
<div
  className="form-page-wrapper"
>
  <div
    className="form-page"
  >
    <div
      className="form-wrapper contact-form-wrapper"
    >
      <span
        className="velocity-error-wrapper"
      />
      <form
        noValidate={true}
        onSubmit={[Function]}
      >
        <div
          className="half-wrapper"
        >
          <input
            className="black-ph half"
            name="first"
            onChange={[Function]}
            placeholder="FIRST NAME*"
            required={true}
            tabIndex={1}
            type="text"
          />
          <input
            className="black-ph half"
            name="last"
            onChange={[Function]}
            placeholder="LAST NAME*"
            required={true}
            tabIndex={2}
            type="text"
          />
        </div>
        <input
          className="black-ph whole"
          name="email"
          onChange={[Function]}
          placeholder="EMAIL*"
          required={true}
          tabIndex={3}
          type="email"
        />
        <div
          className="half-wrapper"
        >
          <div
            style={
              Object {
                "display": "block",
                "width": "50%",
              }
            }
          >
            <div
              className="select-wrapper"
            >
              <input
                aria-autocomplete="list"
                aria-expanded={false}
                autoComplete="off"
                className="black-ph"
                name="countrycode"
                onBlur={[Function]}
                onChange={[Function]}
                onClick={[Function]}
                onFocus={[Function]}
                onKeyDown={[Function]}
                placeholder="COUNTRY CODE*"
                required={true}
                role="combobox"
                tabIndex={4}
                value=""
              />
            </div>
          </div>
          <input
            className="black-ph half"
            name="phone"
            onChange={[Function]}
            placeholder="PHONE NUMBER*"
            required={true}
            tabIndex={5}
            type="tel"
          />
        </div>
        <div
          className="radio-fieldset"
        >
          <span
            className="radio-field"
          >
            <div
              className="checkbox"
            >
              <input
                checked={false}
                id="checkbox-client-type-broker"
                name="client_type"
                onChange={[Function]}
                required="required"
                tabIndex={6}
                type="radio"
                value="29766"
              />
              <label
                htmlFor="checkbox-client-type-broker"
              />
            </div>
            <span
              className="serif"
            >
              BROKER
            </span>
          </span>
          <span
            className="radio-field"
          >
            <div
              className="checkbox"
            >
              <input
                checked={false}
                id="checkbox-client-type-purchaser"
                name="client_type"
                onChange={[Function]}
                required={undefined}
                tabIndex={7}
                type="radio"
                value="29767"
              />
              <label
                htmlFor="checkbox-client-type-purchaser"
              />
            </div>
            <span
              className="serif"
            >
              PROSPECTIVE PURCHASER
            </span>
          </span>
        </div>
        <span
          className="input-wrapper"
        />
        <span
          className="input-wrapper"
        />
        <span
          className="input-wrapper"
        />
        <div
          style={
            Object {
              "display": "block",
              "position": "relative",
              "width": "100%",
            }
          }
        >
          <div
            className="select-field-wrapper"
          >
            <input
              aria-autocomplete="list"
              aria-expanded={false}
              autoComplete="off"
              className="black-ph select-field"
              name="countrycode"
              onBlur={[Function]}
              onChange={[Function]}
              onClick={[Function]}
              onFocus={[Function]}
              onKeyDown={[Function]}
              placeholder="DESIRED RESIDENCE"
              readOnly={true}
              role="combobox"
              tabIndex={13}
              value=""
            />
          </div>
        </div>
        <div
          style={
            Object {
              "display": "block",
              "position": "relative",
              "width": "100%",
            }
          }
        >
          <div
            className="select-field-wrapper"
          >
            <input
              aria-autocomplete="list"
              aria-expanded={false}
              autoComplete="off"
              className="black-ph select-field hear-field"
              name="hearfrom"
              onBlur={[Function]}
              onChange={[Function]}
              onClick={[Function]}
              onFocus={[Function]}
              onKeyDown={[Function]}
              placeholder="HOW DID YOU HEAR ABOUT US?"
              readOnly={true}
              role="combobox"
              tabIndex={14}
              value=""
            />
          </div>
        </div>
        <input
          className="button sans-light-bold"
          type="submit"
          value="Submit"
        />
      </form>
    </div>
    <a
      className="serif-bold link"
      href="mailto:info@108leonard.com"
    >
      info@108leonard.com
    </a>
    <a
      className="serif-bold link"
      href="tel:2127751080"
    >
      212•775•1080
    </a>
  </div>
</div>
`;
